// Jest Snapshot v1, https://goo.gl/fbAQLP

exports[`ButtonGroup component renders properly 1`] = `
<div
  className="button-group"
/>
`;
