// Jest Snapshot v1, https://goo.gl/fbAQLP

exports[`Button component renders properly 1`] = `
<button
  className="btn btn--primary"
/>
`;
